Starting test...
nodeExe: C:\Program Files\nodejs\node.exe exists: true
cliJs: C:\Users\Administrator\AppData\Roaming\npm\node_modules\@anthropic-ai\claude-code\cli.js exists: true
STATUS: 0
SIGNAL: null
STDOUT len: 57
STDERR: 
STDOUT: שלום! 👋 איך אפשר לעזור לך היום?

DONE
